src/pages/admin/AdminDetalleTrabajo.tsx(1813,9): error TS1005: ')' expected.
src/pages/admin/AdminDetalleTrabajo.tsx(1814,5): error TS1109: Expression expected.
src/pages/admin/AdminDetalleTrabajo.tsx(1815,1): error TS1128: Declaration or statement expected.
